Γû▓ Next.js 16.1.6 (Turbopack)
- Environments: .env.local

npx : ΓÜá The 
"middleware" file 
convention is 
deprecated. Please use 
"proxy" instead. Learn 
more: https://nextjs.org
/docs/messages/middlewar
e-to-proxy
At line:1 char:1
+ npx next build 2>&1 > 
c:\Users\amogh\RehabFlow
_AI\build_output.txt; t 
...
+ ~~~~~~~~~~~~~~~~~~~~~~
~~~~~~~~~~~~~~~~~~~~~~~~
~~~~~~~~~~~~~~~~~~~~
    + CategoryInfo      
        : NotSpecified  
  : (ΓÜá The "middle.   
 ..leware-to-proxy:S    
tring) [], RemoteEx    
ception
    + FullyQualifiedErr 
   orId : NativeComman  
  dError
 
  Creating an optimized production build ...
Γ£ô Compiled successfully in 8.7s
  Running TypeScript ...
  Collecting page data using 15 workers ...
  Generating static pages using 15 workers (0/43) ...
  Generating static pages using 15 workers (10/43) 
  Generating static pages using 15 workers (21/43) 
  Generating static pages using 15 workers (32/43) 
Γ£ô Generating static pages using 15 workers (43/43) in 1061.6ms
  Finalizing page optimization ...

Route (app)
Γöî Γùï /_not-found
Γö£ ╞Æ /[locale]
Γö£ ╞Æ /[locale]/assessment
Γö£ ╞Æ /[locale]/dashboard
Γö£ ╞Æ /[locale]/login
Γöö ╞Æ /[locale]/signup


╞Æ Proxy (Middleware)

Γùï  (Static)   prerendered as static content
╞Æ  (Dynamic)  server-rendered on demand

